User-agent: googlebot
Allow: /private/
User-agent: BadBot
Allow: /admin/
