User-agent: googlebot
Disallow: /private/
User-agent: BadBot
Disallow: /admin/