User-agent: googlebot
Allow: /private/
Allow: /admin/
User-agent: BadBot
Allow: /private1/
Allow: /admin1/